\BOOKMARK [-1][-]{part.1}{\376\377\000I\000\040\000E\000i\000n\000f\000\374\000h\000r\000u\000n\000g}{}% 1
\BOOKMARK [0][-]{chapter.1}{\376\377\000P\000i\000n\000a\000r\000t\000e\000n\000\040\000d\000e\000s\000\040\000E\000S\000P\0003\0002}{part.1}% 2
\BOOKMARK [1][-]{section.1.1}{\376\377\000G\000P\000I\000O}{chapter.1}% 3
\BOOKMARK [1][-]{section.1.2}{\376\377\000I\0002\000C}{chapter.1}% 4
\BOOKMARK [1][-]{section.1.3}{\376\377\000S\000P\000I}{chapter.1}% 5
\BOOKMARK [0][-]{chapter.2}{\376\377\000D\000e\000r\000\040\000A\000u\000f\000b\000a\000u\000\040\000d\000e\000s\000\040\000E\000S\000P\0003\0002\000\040\000a\000u\000f\000\040\000d\000e\000m\000\040\000B\000o\000a\000r\000d}{part.1}% 6
\BOOKMARK [1][-]{section.2.1}{\376\377\000V\000e\000r\000s\000o\000r\000g\000u\000n\000g\000s\000-\000\040\000\046\000\040\000D\000a\000t\000e\000n\000p\000l\000a\000n\000\040\000d\000e\000s\000\040\000E\000S\000P\0003\0002}{chapter.2}% 7
\BOOKMARK [1][-]{section.2.2}{\376\377\000D\000r\000a\000u\000f\000s\000i\000c\000h\000t\000\040\000a\000u\000f\000\040\000d\000e\000n\000\040\000E\000S\000P\0003\0002\000\040\000i\000n\000\040\000B\000e\000t\000r\000i\000e\000b}{chapter.2}% 8
\BOOKMARK [1][-]{section.2.3}{\376\377\000N\000e\000b\000e\000n\000a\000n\000s\000i\000c\000h\000t\000\040\000a\000u\000f\000\040\000d\000e\000n\000\040\000E\000S\000P\0003\0002\000\040\000i\000n\000\040\000B\000e\000t\000r\000i\000e\000b}{chapter.2}% 9
\BOOKMARK [1][-]{section.2.4}{\376\377\000P\000r\000o\000g\000r\000a\000m\000m\000i\000e\000r\000u\000n\000g\000\040\000d\000e\000s\000\040\000E\000S\000P\0003\0002}{chapter.2}% 10
\BOOKMARK [2][-]{subsection.2.4.1}{\376\377\000K\000l\000a\000s\000s\000e\000n}{section.2.4}% 11
\BOOKMARK [2][-]{subsection.2.4.2}{\376\377\000F\000u\000n\000k\000t\000i\000o\000n\000e\000n}{section.2.4}% 12
\BOOKMARK [-1][-]{part.2}{\376\377\000I\000I\000\040\000A\000u\000f\000g\000a\000b\000e\000n}{}% 13
\BOOKMARK [0][-]{chapter.3}{\376\377\000A\000u\000f\000g\000a\000b\000e\000\040\0001}{part.2}% 14
\BOOKMARK [1][-]{section.3.1}{\376\377\000A\000n\000f\000o\000r\000d\000e\000r\000u\000n\000g\000e\000n}{chapter.3}% 15
\BOOKMARK [1][-]{section.3.2}{\376\377\000H\000a\000r\000d\000w\000a\000r\000e}{chapter.3}% 16
\BOOKMARK [2][-]{subsection.3.2.1}{\376\377\000B\000a\000u\000e\000l\000e\000m\000e\000n\000t\000e}{section.3.2}% 17
\BOOKMARK [2][-]{subsection.3.2.2}{\376\377\000V\000e\000r\000n\000e\000t\000z\000u\000n\000g\000\040\000d\000e\000r\000\040\000B\000a\000u\000e\000l\000e\000m\000e\000n\000t\000e}{section.3.2}% 18
\BOOKMARK [1][-]{section.3.3}{\376\377\000P\000r\000o\000g\000r\000a\000m\000m\000c\000o\000d\000e}{chapter.3}% 19
\BOOKMARK [0][-]{chapter.4}{\376\377\000A\000u\000f\000g\000a\000b\000e\000\040\0002}{part.2}% 20
\BOOKMARK [1][-]{section.4.1}{\376\377\000A\000n\000f\000o\000r\000d\000e\000r\000u\000n\000g\000e\000n}{chapter.4}% 21
\BOOKMARK [2][-]{subsection.4.1.1}{\376\377\000T\000e\000i\000l\000\040\0001}{section.4.1}% 22
\BOOKMARK [2][-]{subsection.4.1.2}{\376\377\000T\000e\000i\000l\000\040\0002}{section.4.1}% 23
\BOOKMARK [1][-]{section.4.2}{\376\377\000H\000a\000r\000d\000w\000a\000r\000e}{chapter.4}% 24
\BOOKMARK [2][-]{subsection.4.2.1}{\376\377\000B\000a\000u\000e\000l\000e\000m\000e\000n\000t\000e}{section.4.2}% 25
\BOOKMARK [2][-]{subsection.4.2.2}{\376\377\000V\000e\000r\000n\000e\000t\000z\000u\000n\000g\000\040\000d\000e\000r\000\040\000B\000a\000u\000t\000e\000i\000l\000e}{section.4.2}% 26
\BOOKMARK [1][-]{section.4.3}{\376\377\000P\000r\000o\000g\000r\000a\000m\000m\000c\000o\000d\000e}{chapter.4}% 27
\BOOKMARK [2][-]{subsection.4.3.1}{\376\377\000P\000r\000o\000g\000r\000a\000m\000m\000c\000o\000d\000e\000\040\000f\000\374\000r\000\040\000A\000M\0003\0001\0002}{section.4.3}% 28
\BOOKMARK [2][-]{subsection.4.3.2}{\376\377\000P\000r\000o\000g\000r\000a\000m\000m\000c\000o\000d\000e\000\040\000f\000\374\000r\000\040\000L\000M\0003\0009\0003}{section.4.3}% 29
\BOOKMARK [2][-]{subsection.4.3.3}{\376\377\000\334\000b\000e\000r\000a\000r\000b\000e\000i\000t\000u\000n\000g\000\040\000d\000e\000s\000\040\000w\000h\000i\000l\000e\000-\000l\000o\000o\000p\000s}{section.4.3}% 30
\BOOKMARK [0][-]{chapter.5}{\376\377\000A\000u\000f\000g\000a\000b\000e\000\040\0003}{part.2}% 31
\BOOKMARK [1][-]{section.5.1}{\376\377\000A\000n\000f\000o\000r\000d\000e\000r\000u\000n\000g\000e\000n}{chapter.5}% 32
\BOOKMARK [1][-]{section.5.2}{\376\377\000H\000a\000r\000d\000w\000a\000r\000e}{chapter.5}% 33
\BOOKMARK [2][-]{subsection.5.2.1}{\376\377\000B\000a\000u\000e\000l\000e\000m\000e\000n\000t\000e}{section.5.2}% 34
\BOOKMARK [2][-]{subsection.5.2.2}{\376\377\000V\000e\000r\000n\000e\000t\000z\000u\000n\000g\000\040\000d\000e\000r\000\040\000B\000a\000u\000t\000e\000i\000l\000e}{section.5.2}% 35
\BOOKMARK [1][-]{section.5.3}{\376\377\000P\000r\000o\000g\000r\000a\000m\000m\000c\000o\000d\000e}{chapter.5}% 36
\BOOKMARK [0][-]{chapter.6}{\376\377\000A\000u\000f\000g\000a\000b\000e\000\040\0004}{part.2}% 37
\BOOKMARK [1][-]{section.6.1}{\376\377\000A\000n\000f\000o\000r\000d\000e\000r\000u\000n\000g\000e\000n}{chapter.6}% 38
\BOOKMARK [1][-]{section.6.2}{\376\377\000H\000a\000r\000d\000w\000a\000r\000e}{chapter.6}% 39
\BOOKMARK [2][-]{subsection.6.2.1}{\376\377\000B\000a\000u\000e\000l\000e\000m\000e\000n\000t\000e}{section.6.2}% 40
\BOOKMARK [2][-]{subsection.6.2.2}{\376\377\000V\000e\000r\000n\000e\000t\000z\000u\000n\000g\000\040\000d\000e\000r\000\040\000B\000a\000u\000t\000e\000i\000l\000e}{section.6.2}% 41
\BOOKMARK [1][-]{section.6.3}{\376\377\000P\000r\000o\000g\000r\000a\000m\000m\000c\000o\000d\000e}{chapter.6}% 42
\BOOKMARK [-1][-]{part.3}{\376\377\000I\000I\000I\000\040\000R\000e\000s\000u\000l\000t\000a\000t}{}% 43
