\BOOKMARK [1][-]{section.1}{\376\377\000D\000e\000f\000i\000n\000i\000t\000i\000o\000n\000\040\000d\000e\000r\000\040\000S\000c\000h\000n\000i\000t\000t\000s\000t\000e\000l\000l\000e\000n}{}% 1
\BOOKMARK [2][-]{subsection.1.1}{\376\377\000G\000P\000I\000O}{section.1}% 2
\BOOKMARK [2][-]{subsection.1.2}{\376\377\000U\000A\000R\000T}{section.1}% 3
\BOOKMARK [2][-]{subsection.1.3}{\376\377\000I\0002\000C}{section.1}% 4
\BOOKMARK [2][-]{subsection.1.4}{\376\377\000S\000P\000I}{section.1}% 5
\BOOKMARK [1][-]{section.2}{\376\377\000A\000u\000f\000b\000a\000u\000\040\000d\000e\000s\000\040\000E\000S\000P\0003\0002}{}% 6
\BOOKMARK [1][-]{section.3}{\376\377\000A\000u\000f\000g\000a\000b\000e\000\040\000T\000e\000i\000l\000\040\0001}{}% 7
\BOOKMARK [2][-]{subsection.3.1}{\376\377\000A\000n\000f\000o\000r\000d\000e\000r\000u\000n\000g\000e\000n}{section.3}% 8
\BOOKMARK [2][-]{subsection.3.2}{\376\377\000H\000a\000r\000d\000w\000a\000r\000e}{section.3}% 9
\BOOKMARK [3][-]{subsubsection.3.2.1}{\376\377\000B\000a\000u\000e\000l\000e\000m\000e\000n\000t\000e}{subsection.3.2}% 10
\BOOKMARK [3][-]{subsubsection.3.2.2}{\376\377\000V\000e\000r\000n\000e\000t\000z\000u\000n\000g\000\040\000d\000e\000r\000\040\000B\000a\000u\000e\000l\000e\000m\000e\000n\000t\000e}{subsection.3.2}% 11
\BOOKMARK [2][-]{subsection.3.3}{\376\377\000P\000r\000o\000g\000r\000a\000m\000m\000c\000o\000d\000e}{section.3}% 12
\BOOKMARK [1][-]{section.4}{\376\377\000A\000u\000f\000g\000a\000b\000e\000\040\000T\000e\000i\000l\000\040\0002}{}% 13
\BOOKMARK [2][-]{subsection.4.1}{\376\377\000A\000n\000f\000o\000r\000d\000e\000r\000u\000n\000g\000e\000n}{section.4}% 14
\BOOKMARK [3][-]{subsubsection.4.1.1}{\376\377\000T\000e\000i\000l\000\040\0001}{subsection.4.1}% 15
\BOOKMARK [3][-]{subsubsection.4.1.2}{\376\377\000T\000e\000i\000l\000\040\0002}{subsection.4.1}% 16
\BOOKMARK [2][-]{subsection.4.2}{\376\377\000H\000a\000r\000d\000w\000a\000r\000e}{section.4}% 17
\BOOKMARK [3][-]{subsubsection.4.2.1}{\376\377\000B\000a\000u\000e\000l\000e\000m\000e\000n\000t\000e}{subsection.4.2}% 18
\BOOKMARK [3][-]{subsubsection.4.2.2}{\376\377\000V\000e\000r\000n\000e\000t\000z\000u\000n\000g\000\040\000d\000e\000r\000\040\000B\000a\000u\000t\000e\000i\000l\000e}{subsection.4.2}% 19
\BOOKMARK [2][-]{subsection.4.3}{\376\377\000P\000r\000o\000g\000r\000a\000m\000m\000c\000o\000d\000e}{section.4}% 20
\BOOKMARK [3][-]{subsubsection.4.3.1}{\376\377\000P\000r\000o\000g\000r\000a\000m\000m\000c\000o\000d\000e\000\040\000f\000\374\000r\000\040\000A\000M\0003\0001\0002}{subsection.4.3}% 21
\BOOKMARK [3][-]{subsubsection.4.3.2}{\376\377\000P\000r\000o\000g\000r\000a\000m\000m\000c\000o\000d\000e\000\040\000f\000\374\000r\000\040\000L\000M\0003\0009\0003}{subsection.4.3}% 22
\BOOKMARK [3][-]{subsubsection.4.3.3}{\376\377\000\334\000b\000e\000r\000a\000r\000b\000e\000i\000t\000u\000n\000g\000\040\000d\000e\000s\000\040\000w\000h\000i\000l\000e\000-\000l\000o\000o\000p\000s}{subsection.4.3}% 23
\BOOKMARK [1][-]{section.5}{\376\377\000A\000u\000f\000g\000a\000b\000e\000\040\000T\000e\000i\000l\000\040\0003}{}% 24
\BOOKMARK [2][-]{subsection.5.1}{\376\377\000A\000n\000f\000o\000r\000d\000e\000r\000u\000n\000g\000e\000n}{section.5}% 25
\BOOKMARK [2][-]{subsection.5.2}{\376\377\000H\000a\000r\000d\000w\000a\000r\000e}{section.5}% 26
\BOOKMARK [3][-]{subsubsection.5.2.1}{\376\377\000B\000a\000u\000e\000l\000e\000m\000e\000n\000t\000e}{subsection.5.2}% 27
\BOOKMARK [3][-]{subsubsection.5.2.2}{\376\377\000V\000e\000r\000n\000e\000t\000z\000u\000n\000g\000\040\000d\000e\000r\000\040\000B\000a\000u\000t\000e\000i\000l\000e}{subsection.5.2}% 28
\BOOKMARK [2][-]{subsection.5.3}{\376\377\000P\000r\000o\000g\000r\000a\000m\000m\000c\000o\000d\000e}{section.5}% 29
