\BOOKMARK [0][-]{chapter.1}{\376\377\000G\000r\000u\000n\000d\000l\000a\000g\000e\000n}{}% 1
\BOOKMARK [1][-]{section.1.1}{\376\377\000B\000e\000g\000r\000i\000f\000f\000e\000\040\000d\000e\000s\000\040\000M\000Q\000T\000T\000-\000P\000r\000o\000t\000o\000k\000o\000l\000l\000s}{chapter.1}% 2
\BOOKMARK [2][-]{subsection.1.1.1}{\376\377\000M\000Q\000T\000T\000-\000B\000r\000o\000k\000e\000r}{section.1.1}% 3
\BOOKMARK [2][-]{subsection.1.1.2}{\376\377\000M\000Q\000T\000T\000-\000C\000l\000i\000e\000n\000t}{section.1.1}% 4
\BOOKMARK [2][-]{subsection.1.1.3}{\376\377\000M\000Q\000T\000T\000-\000T\000o\000p\000i\000c\000\040\000u\000n\000d\000\040\000d\000e\000s\000s\000e\000n\000\040\000G\000r\000u\000n\000d\000r\000e\000g\000e\000l\000n}{section.1.1}% 5
\BOOKMARK [2][-]{subsection.1.1.4}{\376\377\000T\000o\000p\000i\000c\000\040\000W\000i\000l\000d\000c\000a\000r\000d\000\040\000e\000i\000n\000s\000t\000u\000f\000i\000g\000\040\000u\000n\000d\000\040\000m\000e\000h\000r\000s\000t\000u\000f\000i\000g}{section.1.1}% 6
\BOOKMARK [2][-]{subsection.1.1.5}{\376\377\000S\000t\000u\000f\000e\000n\000m\000o\000d\000e\000l\000l\000\040\000Q\000u\000a\000l\000i\000t\000y\000\040\000o\000f\000\040\000S\000e\000r\000v\000i\000c\000e\000\040\000\050\000Q\000o\000S\000\051}{section.1.1}% 7
\BOOKMARK [2][-]{subsection.1.1.6}{\376\377\000L\000a\000s\000t\000\040\000W\000i\000l\000l\000\040\000T\000e\000s\000t\000a\000m\000e\000n\000t}{section.1.1}% 8
\BOOKMARK [1][-]{section.1.2}{\376\377\000V\000e\000r\000b\000i\000n\000d\000u\000n\000g\000s\000m\000a\000n\000a\000g\000e\000m\000e\000n\000t\000\040\000z\000w\000i\000s\000c\000h\000e\000n\000\040\000C\000l\000i\000e\000n\000t\000\040\000u\000n\000d\000\040\000S\000e\000r\000v\000e\000r}{chapter.1}% 9
\BOOKMARK [2][-]{subsection.1.2.1}{\376\377\000R\000e\000t\000a\000i\000n\000e\000d\000\040\000M\000e\000s\000s\000a\000g\000e\000s}{section.1.2}% 10
\BOOKMARK [2][-]{subsection.1.2.2}{\376\377\000P\000e\000r\000s\000i\000s\000t\000e\000n\000t\000\040\000S\000e\000s\000s\000i\000o\000n\000s}{section.1.2}% 11
\BOOKMARK [2][-]{subsection.1.2.3}{\376\377\000K\000e\000e\000p\000\040\000A\000l\000i\000v\000e}{section.1.2}% 12
\BOOKMARK [2][-]{subsection.1.2.4}{\376\377\000W\000e\000b\000\040\000S\000o\000c\000k\000e\000t\000s\000\040\000T\000r\000a\000n\000s\000p\000o\000r\000t}{section.1.2}% 13
\BOOKMARK [1][-]{section.1.3}{\376\377\000P\000u\000b\000/\000S\000u\000b\000\040\000M\000e\000s\000s\000a\000g\000i\000n\000g}{chapter.1}% 14
\BOOKMARK [1][-]{section.1.4}{\376\377\000M\000Q\000T\000T\000-\000C\000l\000i\000e\000n\000t}{chapter.1}% 15
\BOOKMARK [0][-]{chapter.2}{\376\377\000I\000n\000t\000e\000r\000n\000e\000t\000v\000e\000r\000b\000i\000n\000d\000u\000n\000g\000\040\000f\000\374\000r\000\040\000d\000e\000n\000\040\000E\000S\000P\0003\0002}{}% 16
\BOOKMARK [1][-]{section.2.1}{\376\377\000P\000l\000a\000n\000u\000n\000g}{chapter.2}% 17
\BOOKMARK [1][-]{section.2.2}{\376\377\000P\000r\000o\000g\000r\000a\000m\000m\000c\000o\000d\000e}{chapter.2}% 18
\BOOKMARK [0][-]{chapter.3}{\376\377\000M\000Q\000T\000T\000-\000C\000l\000i\000e\000n\000t}{}% 19
\BOOKMARK [1][-]{section.3.1}{\376\377\000P\000l\000a\000n\000u\000n\000g}{chapter.3}% 20
\BOOKMARK [1][-]{section.3.2}{\376\377\000P\000r\000o\000g\000r\000a\000m\000m\000c\000o\000d\000e}{chapter.3}% 21
\BOOKMARK [0][-]{chapter.4}{\376\377\000V\000e\000r\000a\000r\000b\000e\000i\000t\000u\000n\000g\000\040\000d\000e\000r\000\040\000D\000a\000t\000e\000n\000\040\000i\000n\000\040\000N\000O\000D\000E\000-\000R\000E\000D}{}% 22
\BOOKMARK [1][-]{section.4.1}{\376\377\000M\000Q\000T\000T\000-\000C\000l\000i\000e\000n\000t\000\040\000i\000n\000n\000e\000r\000h\000a\000l\000b\000\040\000v\000o\000n\000\040\000N\000O\000D\000E\000-\000R\000E\000D}{chapter.4}% 23
\BOOKMARK [1][-]{section.4.2}{\376\377\000T\000e\000m\000p\000e\000r\000a\000t\000u\000r}{chapter.4}% 24
\BOOKMARK [2][-]{subsection.4.2.1}{\376\377\000V\000o\000r\000b\000e\000r\000e\000i\000t\000u\000n\000g\000\040\000d\000e\000r\000\040\000D\000a\000t\000e\000n\000\040\000f\000\374\000r\000\040\000d\000a\000s\000\040\000U\000I}{section.4.2}% 25
\BOOKMARK [2][-]{subsection.4.2.2}{\376\377\000U\000I\000\040\000T\000e\000m\000p\000l\000a\000t\000e\000\040\000f\000\374\000r\000\040\000a\000k\000t\000u\000e\000l\000l\000e\000\040\000D\000a\000t\000e\000n}{section.4.2}% 26
\BOOKMARK [2][-]{subsection.4.2.3}{\376\377\000U\000I\000\040\000T\000e\000m\000p\000l\000a\000t\000e\000\040\000f\000\374\000r\000\040\000h\000i\000s\000t\000o\000r\000i\000e\000\040\000D\000a\000t\000e\000n}{section.4.2}% 27
\BOOKMARK [1][-]{section.4.3}{\376\377\000L\000u\000f\000t\000f\000e\000u\000c\000h\000t\000i\000g\000k\000e\000i\000t}{chapter.4}% 28
\BOOKMARK [2][-]{subsection.4.3.1}{\376\377\000V\000o\000r\000b\000e\000r\000e\000i\000t\000u\000n\000g\000\040\000d\000e\000r\000\040\000D\000a\000t\000e\000n\000\040\000f\000\374\000r\000\040\000d\000a\000s\000\040\000U\000I}{section.4.3}% 29
\BOOKMARK [2][-]{subsection.4.3.2}{\376\377\000U\000I\000\040\000T\000e\000m\000p\000l\000a\000t\000e\000\040\000f\000\374\000r\000\040\000a\000k\000t\000u\000e\000l\000l\000e\000\040\000D\000a\000t\000e\000n}{section.4.3}% 30
\BOOKMARK [2][-]{subsection.4.3.3}{\376\377\000U\000I\000\040\000T\000e\000m\000p\000l\000a\000t\000e\000\040\000f\000\374\000r\000\040\000h\000i\000s\000t\000o\000r\000i\000e\000\040\000D\000a\000t\000e\000n}{section.4.3}% 31
\BOOKMARK [1][-]{section.4.4}{\376\377\000B\000e\000w\000e\000g\000u\000n\000g}{chapter.4}% 32
\BOOKMARK [2][-]{subsection.4.4.1}{\376\377\000V\000o\000r\000b\000e\000r\000e\000i\000t\000u\000n\000g\000\040\000d\000e\000r\000\040\000D\000a\000t\000e\000n\000\040\000f\000\374\000r\000\040\000d\000a\000s\000\040\000U\000I}{section.4.4}% 33
\BOOKMARK [2][-]{subsection.4.4.2}{\376\377\000U\000I\000\040\000T\000e\000m\000p\000l\000a\000t\000e\000\040\000f\000\374\000r\000\040\000a\000k\000t\000u\000e\000l\000l\000e\000\040\000D\000a\000t\000e\000n}{section.4.4}% 34
\BOOKMARK [2][-]{subsection.4.4.3}{\376\377\000U\000I\000\040\000T\000e\000m\000p\000l\000a\000t\000e\000\040\000f\000\374\000r\000\040\000h\000i\000s\000t\000o\000r\000i\000e\000\040\000D\000a\000t\000e\000n}{section.4.4}% 35
\BOOKMARK [1][-]{section.4.5}{\376\377\000H\000e\000l\000l\000i\000g\000k\000e\000i\000t}{chapter.4}% 36
\BOOKMARK [2][-]{subsection.4.5.1}{\376\377\000V\000o\000r\000b\000e\000r\000e\000i\000t\000u\000n\000g\000\040\000d\000e\000r\000\040\000D\000a\000t\000e\000n\000\040\000f\000\374\000r\000\040\000d\000a\000s\000\040\000U\000I}{section.4.5}% 37
\BOOKMARK [2][-]{subsection.4.5.2}{\376\377\000U\000I\000\040\000T\000e\000m\000p\000l\000a\000t\000e\000\040\000f\000\374\000r\000\040\000a\000k\000t\000u\000e\000l\000l\000e\000\040\000D\000a\000t\000e\000n}{section.4.5}% 38
\BOOKMARK [2][-]{subsection.4.5.3}{\376\377\000U\000I\000\040\000T\000e\000m\000p\000l\000a\000t\000e\000\040\000f\000\374\000r\000\040\000h\000i\000s\000t\000o\000r\000i\000e\000\040\000D\000a\000t\000e\000n}{section.4.5}% 39
